====================================================================================================
1. REPORTING DENSITY -- observations per day, by station-year
====================================================================================================
    year  city-days  mean obs/day   median
    1995      6,943          24.4       24
    1996      7,320          30.4       24
    1997      7,300          27.5       25
    1998      7,545          27.7       25
    1999      7,662          27.0       25
    2000      7,686          27.2       25
    2001      7,665          27.6       25
    2002      7,665          27.6       25
    2003      7,665          28.0       25
    2004      7,686          27.0       24
    2005      7,663          28.1       25
    2006      7,665          27.4       24
    2007      7,665          29.0       26
    2008      7,684          28.7       25
    2009      7,665          28.8       25
    2010      7,665          28.4       25
    2011      7,665          28.3       25
    2012      7,684          28.2       25
    2013      7,665          28.6       25
    2014      7,665          28.6       25
    2015      7,665          28.8       25
    2016      7,686          28.1       25
    2017      7,665          28.6       25
    2018      7,665          28.8       26
    2019      7,665          28.5       26
    2020      7,686          28.2       25
    2021      7,665          28.5       26
    2022      7,665          28.3       25
    2023      7,665          28.5       25
    2024      7,686          28.5       25

  1995-2009  mean 27.77 obs/day  (n=113,479 city-days)
  2010-2024  mean 28.45 obs/day  (n=115,057 city-days)
  difference: +0.68 obs/day (+2.4%)

  worst per-station gaps (recent minus old, obs/day):
    NYC    26.1 ->   30.7   +4.6
    PHL    28.3 ->   31.4   +3.1
    HOU    27.8 ->   29.3   +1.5
    SAN    27.7 ->   29.2   +1.5
    MDW    27.2 ->   28.4   +1.2
    DCA    28.6 ->   29.9   +1.2

====================================================================================================
2. RESIDUAL DISTRIBUTION BY ERA -- R = final max - M_H, at traded hours
====================================================================================================
    H |         n   mean  med  p90  P(R=0) |         n   mean  med  p90  P(R=0) |  dMean  dP(R=0)
      | 1995-2009                         | 2010-2024                         | shift
    9 |   113,456   7.71    7   14    7.6% |   115,051   7.75    8   14    7.0% |  +0.04    -0.5pp
   10 |   113,459   5.67    5   11   10.6% |   115,051   5.68    5   11    9.9% |  +0.01    -0.7pp
   11 |   113,460   3.89    4    8   16.9% |   115,052   3.88    4    8   16.3% |  -0.01    -0.6pp
   12 |   113,461   2.47    2    6   27.7% |   115,052   2.45    2    6   27.1% |  -0.02    -0.6pp
   13 |   113,464   1.38    1    4   44.0% |   115,054   1.36    1    4   43.9% |  -0.02    -0.1pp
   14 |   113,465   0.65    0    2   65.7% |   115,056   0.63    0    2   65.9% |  -0.02    +0.2pp
   15 |   113,469   0.26    0    1   84.7% |   115,056   0.24    0    1   85.3% |  -0.02    +0.6pp
   16 |   113,472   0.10    0    0   94.6% |   115,056   0.09    0    0   95.1% |  -0.01    +0.5pp
   17 |   113,476   0.05    0    0   97.7% |   115,057   0.05    0    0   97.9% |  -0.01    +0.2pp
   18 |   113,478   0.04    0    0   98.4% |   115,057   0.04    0    0   98.4% |  -0.00    +0.0pp
   19 |   113,478   0.03    0    0   98.7% |   115,057   0.03    0    0   98.7% |  -0.00    -0.0pp
   20 |   113,478   0.02    0    0   98.9% |   115,057   0.02    0    0   98.9% |  -0.00    +0.0pp
   21 |   113,478   0.02    0    0   99.2% |   115,057   0.02    0    0   99.2% |  -0.00    -0.0pp
   22 |   113,479   0.01    0    0   99.5% |   115,057   0.01    0    0   99.5% |  -0.00    -0.0pp
   23 |   113,479   0.00    0    0  100.0% |   115,057   0.00    0    0  100.0% |  +0.00    +0.0pp

  largest mean shift across traded hours: 0.04 F
  For scale: buckets are 2F wide, so a shift of 1.0F would move a
  material share of probability mass across a bucket boundary.

====================================================================================================
3. NOISE FLOOR -- what this statistic reports when bias is IMPOSSIBLE
====================================================================================================
  Two tables from the SAME era (2010-2024), random day split. Any divergence
  is pure sampling noise. If it exceeds the depth differences, the max
  statistic cannot support a conclusion either way.

  stn     noise floor (mean of 5)    vs 1995    vs 2005
  NYC            11.04c (max 12.09c)      7.47c      2.89c
  MDW            11.97c (max 14.82c)      7.85c      2.53c
  LAX            10.65c (max 12.64c)      8.17c      2.85c
  SAN            11.54c (max 14.49c)      7.85c      3.33c
  PHL            11.12c (max 12.89c)      4.95c      4.03c

====================================================================================================
4. SYSTEMATIC BIAS -- signed mean shift, 1995-table minus 2010-table
====================================================================================================
  city          stn  split     signed dP  mean|dP|   dMeanR@13      t
  KXHIGHAUS     AUS  train       +0.010c    0.381c     -0.015F   -0.5
  KXHIGHCHI     MDW  train       -0.011c    0.510c     -0.015F   -0.5
  KXHIGHDEN     DEN  train       -0.016c    0.318c     +0.016F   +0.5
  KXHIGHLAX     LAX  train       -0.001c    0.234c     +0.006F   +0.6
  KXHIGHMIA     MIA  train       -0.003c    0.271c     +0.027F   +1.9
  KXHIGHNY      NYC  holdout     -0.013c    0.494c     +0.122F   +4.5
  KXHIGHPHIL    PHL  holdout     -0.006c    0.388c     +0.006F   +0.2
  KXHIGHTATL    ATL  train       -0.007c    0.391c     +0.049F   +1.7
  KXHIGHTBOS    BOS  train       -0.009c    0.388c     +0.016F   +0.5
  KXHIGHTDAL    DFW  holdout     -0.010c    0.409c     +0.036F   +1.3
  KXHIGHTDC     DCA  train       -0.005c    0.363c     +0.010F   +0.3
  KXHIGHTHOU    HOU  train       -0.009c    0.320c     +0.029F   +1.3
  KXHIGHTLV     LAS  holdout     -0.026c    0.399c     +0.053F   +2.2
  KXHIGHTMIN    MSP  holdout     -0.005c    0.361c     +0.022F   +0.7
  KXHIGHTNOLA   MSY  holdout     -0.004c    0.341c     -0.002F   -0.1
  KXHIGHTOKC    OKC  train       +0.004c    0.396c     +0.008F   +0.3
  KXHIGHTPHX    PHX  train       -0.021c    0.328c     +0.062F   +2.8
  KXHIGHTSAN    SAN  holdout     -0.001c    0.267c     +0.020F   +1.5
  KXHIGHTSATX   SAT  train       +0.003c    0.460c     -0.045F   -1.4
  KXHIGHTSEA    SEA  holdout     +0.014c    0.391c     -0.017F   -0.5
  KXHIGHTSFO    SFO  holdout     -0.009c    0.351c     -0.052F   -1.6
